104.130.124.209 - - [25/Jul/2017:08:06:49 +0000] "GET / HTTP/1.1" 200 326 "-" "Mozilla/5.0 (Windows NT 6.1; WOW64) AppleWebKit/534.24 (KHTML, like Gecko) Chrome/11.0.696.71 Safari/534.24"
104.130.124.209 - - [25/Jul/2017:09:45:37 +0000] "GET / HTTP/1.1" 200 326 "http://chilldyl.com/" "Mozilla/5.0 (Windows NT 6.1; WOW64) AppleWebKit/534.24 (KHTML, like Gecko) Chrome/11.0.696.71 Safari/534.24"
149.47.180.190 - - [25/Jul/2017:11:02:37 +0000] "POST /xmlrpc.php HTTP/1.1" 404 580 "-" "Mozilla/5.0 (Windows NT 6.1; WOW64) AppleWebKit/537.36 (KHTML, like Gecko) Chrome/50.0.2661.75 Safari/537.36"
199.19.104.163 - - [25/Jul/2017:16:53:20 +0000] "GET / HTTP/1.1" 200 326 "-" "Mozilla/5.0 (Windows NT 6.1; rv:34.0) Gecko/20100101 Firefox/34.0"
178.140.233.81 - - [25/Jul/2017:19:11:54 +0000] "GET / HTTP/1.1" 200 326 "http://yandex.ru/clck/jsredir?from=yandex.ru%3Bsearch%3Bweb%3B%3B&text=&etext=1493.NgZ92D5kid4_y1I0ISCaBMNJBx_Xv8lzinhACHCaKHIW3-0gY62yNKPs3Umh8BU8.7ad6a60468536f839a686e17f189aabd6341fde7&uuid=&state=_BLhILn4SxNIvvL0W45KSic66uCIg23qh8iRG98qeIXmeppkgUc0YFUVNhHyyhJgRFg5yeLMIWU&data=UlNrNmk5WktYejR0eWJFYk1LdmtxakNyTmJFQm5JR1ZyWUM1eVBTU21nTTlsZW5SaEpySGxhT0pxdEQxSFNoRlR2c01raC1wMzZmOWtNMjNta1kxc2JTejQ3cDZjNW5Q&b64e=2&sign=f07b26c695c1f5616d71a92ebbdc4237&keyno=0&cst=AiuY0DBWFJ7IXge4WdYJQSaYtyyri96FdPSrLcXQJQaLUT2NFNjU-UKtwaaUSzxLhTPCV2bZzlq8flJMXYsgdGTNMcyfWKkiISJJ2vru0F4vXZd9j2r65PWpfuD2C4gCMokqOYNFai5jwtVK7gDQKGJHD4r9RojI&ref=orjY4mGPRjk5boDnW0uvlrrd71vZw9kp5uQozpMtKCX5No9jVno6g2x2-YHDl_Eo1GWH4cLkj-jePhHpGQdbEli9cULKtEk26gFr1LXPaFpunq4g9aSIFQ&l10n=ru&cts=1501009377062&mc=6.24675416648" "Mozilla/4.0 (compatible; MSIE 8.0; Windows NT 6.1; Trident/4.0; SLCC2; .NET CLR 2.0.50727; .NET CLR 3.5.30729; .NET CLR 3.0.30729; Media Center PC 6.0)"
178.140.233.81 - - [25/Jul/2017:19:11:54 +0000] "GET /dylan.js HTTP/1.1" 200 57 "http://chilldyl.com/" "Mozilla/4.0 (compatible; MSIE 8.0; Windows NT 6.1; Trident/4.0; SLCC2; .NET CLR 2.0.50727; .NET CLR 3.5.30729; .NET CLR 3.0.30729; Media Center PC 6.0)"
178.140.233.81 - - [25/Jul/2017:19:11:54 +0000] "GET /dylan.css HTTP/1.1" 200 71 "http://chilldyl.com/" "Mozilla/4.0 (compatible; MSIE 8.0; Windows NT 6.1; Trident/4.0; SLCC2; .NET CLR 2.0.50727; .NET CLR 3.5.30729; .NET CLR 3.0.30729; Media Center PC 6.0)"
192.195.83.130 - - [25/Jul/2017:20:02:43 +0000] "GET / HTTP/1.1" 304 0 "-" "Mozilla/5.0 (Macintosh; Intel Mac OS X 10_12_5) AppleWebKit/537.36 (KHTML, like Gecko) Chrome/59.0.3071.115 Safari/537.36"
192.195.83.130 - - [25/Jul/2017:20:02:43 +0000] "GET /dylan.css HTTP/1.1" 304 0 "http://chilldyl.com/" "Mozilla/5.0 (Macintosh; Intel Mac OS X 10_12_5) AppleWebKit/537.36 (KHTML, like Gecko) Chrome/59.0.3071.115 Safari/537.36"
192.195.83.130 - - [25/Jul/2017:20:02:43 +0000] "GET /dylan.js HTTP/1.1" 304 0 "http://chilldyl.com/" "Mozilla/5.0 (Macintosh; Intel Mac OS X 10_12_5) AppleWebKit/537.36 (KHTML, like Gecko) Chrome/59.0.3071.115 Safari/537.36"
192.195.83.130 - - [25/Jul/2017:20:02:45 +0000] "GET /unix/table-of-contents.html HTTP/1.1" 304 0 "http://chilldyl.com/" "Mozilla/5.0 (Macintosh; Intel Mac OS X 10_12_5) AppleWebKit/537.36 (KHTML, like Gecko) Chrome/59.0.3071.115 Safari/537.36"
192.195.83.130 - - [25/Jul/2017:20:33:17 +0000] "GET /unix/unix-part6.html HTTP/1.1" 404 580 "http://chilldyl.com/unix/table-of-contents.html" "Mozilla/5.0 (Macintosh; Intel Mac OS X 10_12_5) AppleWebKit/537.36 (KHTML, like Gecko) Chrome/59.0.3071.115 Safari/537.36"
192.195.83.130 - - [25/Jul/2017:20:33:20 +0000] "GET /unix/unix-part5.html HTTP/1.1" 304 0 "http://chilldyl.com/unix/table-of-contents.html" "Mozilla/5.0 (Macintosh; Intel Mac OS X 10_12_5) AppleWebKit/537.36 (KHTML, like Gecko) Chrome/59.0.3071.115 Safari/537.36"
73.71.91.218 - - [26/Jul/2017:02:49:21 +0000] "GET / HTTP/1.1" 200 326 "-" "Mozilla/5.0 (Macintosh; Intel Mac OS X 10_12_5) AppleWebKit/537.36 (KHTML, like Gecko) Chrome/59.0.3071.115 Safari/537.36"
73.71.91.218 - - [26/Jul/2017:02:49:21 +0000] "GET /dylan.css HTTP/1.1" 200 71 "http://chilldyl.com/" "Mozilla/5.0 (Macintosh; Intel Mac OS X 10_12_5) AppleWebKit/537.36 (KHTML, like Gecko) Chrome/59.0.3071.115 Safari/537.36"
73.71.91.218 - - [26/Jul/2017:02:49:21 +0000] "GET /dylan.js HTTP/1.1" 200 57 "http://chilldyl.com/" "Mozilla/5.0 (Macintosh; Intel Mac OS X 10_12_5) AppleWebKit/537.36 (KHTML, like Gecko) Chrome/59.0.3071.115 Safari/537.36"
73.71.91.218 - - [26/Jul/2017:03:08:07 +0000] "GET / HTTP/1.1" 304 0 "-" "Mozilla/5.0 (Macintosh; Intel Mac OS X 10_12_5) AppleWebKit/537.36 (KHTML, like Gecko) Chrome/59.0.3071.115 Safari/537.36"
73.71.91.218 - - [26/Jul/2017:03:10:03 +0000] "GET / HTTP/1.1" 200 326 "-" "Mozilla/5.0 (iPhone; CPU iPhone OS 10_3_2 like Mac OS X) AppleWebKit/603.2.4 (KHTML, like Gecko) Version/10.0 Mobile/14F89 Safari/602.1"
73.71.91.218 - - [26/Jul/2017:03:10:04 +0000] "GET /dylan.css HTTP/1.1" 200 71 "http://chilldyl.com/" "Mozilla/5.0 (iPhone; CPU iPhone OS 10_3_2 like Mac OS X) AppleWebKit/603.2.4 (KHTML, like Gecko) Version/10.0 Mobile/14F89 Safari/602.1"
73.71.91.218 - - [26/Jul/2017:03:10:04 +0000] "GET /dylan.js HTTP/1.1" 200 57 "http://chilldyl.com/" "Mozilla/5.0 (iPhone; CPU iPhone OS 10_3_2 like Mac OS X) AppleWebKit/603.2.4 (KHTML, like Gecko) Version/10.0 Mobile/14F89 Safari/602.1"
73.71.91.218 - - [26/Jul/2017:03:10:08 +0000] "GET / HTTP/1.1" 200 326 "-" "Mozilla/5.0 (iPhone; CPU iPhone OS 10_3_2 like Mac OS X) AppleWebKit/603.2.4 (KHTML, like Gecko) Version/10.0 Mobile/14F89 Safari/602.1"
107.77.75.130 - - [26/Jul/2017:03:10:15 +0000] "GET / HTTP/1.1" 200 326 "-" "Mozilla/5.0 (iPhone; CPU iPhone OS 10_2 like Mac OS X) AppleWebKit/602.1.50 (KHTML, like Gecko) CriOS/55.0.2883.79 Mobile/14C92 Safari/602.1"
107.77.75.130 - - [26/Jul/2017:03:10:15 +0000] "GET /dylan.css HTTP/1.1" 200 71 "http://chilldyl.com/" "Mozilla/5.0 (iPhone; CPU iPhone OS 10_2 like Mac OS X) AppleWebKit/602.1.50 (KHTML, like Gecko) CriOS/55.0.2883.79 Mobile/14C92 Safari/602.1"
107.77.75.130 - - [26/Jul/2017:03:10:15 +0000] "GET /dylan.js HTTP/1.1" 200 57 "http://chilldyl.com/" "Mozilla/5.0 (iPhone; CPU iPhone OS 10_2 like Mac OS X) AppleWebKit/602.1.50 (KHTML, like Gecko) CriOS/55.0.2883.79 Mobile/14C92 Safari/602.1"
107.77.75.130 - - [26/Jul/2017:03:10:16 +0000] "GET /favicon.ico HTTP/1.1" 404 178 "-" "Mozilla/5.0 (iPhone; CPU iPhone OS 10_2 like Mac OS X) AppleWebKit/602.1.50 (KHTML, like Gecko) CriOS/55.0.2883.79 Mobile/14C92 Safari/602.1"
73.71.91.218 - - [26/Jul/2017:03:13:17 +0000] "GET / HTTP/1.1" 304 0 "-" "Mozilla/5.0 (Macintosh; Intel Mac OS X 10_12_5) AppleWebKit/537.36 (KHTML, like Gecko) Chrome/59.0.3071.115 Safari/537.36"
73.71.91.218 - - [26/Jul/2017:03:13:17 +0000] "GET /dylan.css HTTP/1.1" 304 0 "http://chilldyl.com/" "Mozilla/5.0 (Macintosh; Intel Mac OS X 10_12_5) AppleWebKit/537.36 (KHTML, like Gecko) Chrome/59.0.3071.115 Safari/537.36"
73.71.91.218 - - [26/Jul/2017:03:13:17 +0000] "GET /dylan.js HTTP/1.1" 304 0 "http://chilldyl.com/" "Mozilla/5.0 (Macintosh; Intel Mac OS X 10_12_5) AppleWebKit/537.36 (KHTML, like Gecko) Chrome/59.0.3071.115 Safari/537.36"
73.71.91.218 - - [26/Jul/2017:03:13:22 +0000] "GET / HTTP/1.1" 304 0 "-" "Mozilla/5.0 (Macintosh; Intel Mac OS X 10_12_5) AppleWebKit/537.36 (KHTML, like Gecko) Chrome/59.0.3071.115 Safari/537.36"
73.71.91.218 - - [26/Jul/2017:03:39:09 +0000] "GET / HTTP/1.1" 304 0 "-" "Mozilla/5.0 (Macintosh; Intel Mac OS X 10_12_5) AppleWebKit/537.36 (KHTML, like Gecko) Chrome/59.0.3071.115 Safari/537.36"
73.71.91.218 - - [26/Jul/2017:03:40:00 +0000] "GET / HTTP/1.1" 200 326 "-" "Mozilla/5.0 (iPhone; CPU iPhone OS 10_3_2 like Mac OS X) AppleWebKit/603.2.4 (KHTML, like Gecko) Version/10.0 Mobile/14F89 Safari/602.1"
73.71.91.218 - - [26/Jul/2017:03:41:23 +0000] "GET / HTTP/1.1" 304 0 "-" "Mozilla/5.0 (Macintosh; Intel Mac OS X 10_12_5) AppleWebKit/537.36 (KHTML, like Gecko) Chrome/59.0.3071.115 Safari/537.36"
73.71.91.218 - - [26/Jul/2017:03:42:57 +0000] "GET / HTTP/1.1" 200 326 "-" "Mozilla/5.0 (iPhone; CPU iPhone OS 10_3_2 like Mac OS X) AppleWebKit/603.2.4 (KHTML, like Gecko) Version/10.0 Mobile/14F89 Safari/602.1"
73.71.91.218 - - [26/Jul/2017:03:46:09 +0000] "GET /unix/table-of-contents.html HTTP/1.1" 304 0 "http://chilldyl.com/" "Mozilla/5.0 (Macintosh; Intel Mac OS X 10_12_5) AppleWebKit/537.36 (KHTML, like Gecko) Chrome/59.0.3071.115 Safari/537.36"
73.71.91.218 - - [26/Jul/2017:03:46:10 +0000] "GET /unix/unix-part4.html HTTP/1.1" 304 0 "http://chilldyl.com/unix/table-of-contents.html" "Mozilla/5.0 (Macintosh; Intel Mac OS X 10_12_5) AppleWebKit/537.36 (KHTML, like Gecko) Chrome/59.0.3071.115 Safari/537.36"
73.71.91.218 - - [26/Jul/2017:03:52:02 +0000] "GET / HTTP/1.1" 200 326 "-" "Mozilla/5.0 (Macintosh; Intel Mac OS X 10_12_5) AppleWebKit/537.36 (KHTML, like Gecko) Chrome/59.0.3071.115 Safari/537.36"
73.71.91.218 - - [26/Jul/2017:03:52:02 +0000] "GET /dylan.css HTTP/1.1" 200 71 "http://chilldyl.com/" "Mozilla/5.0 (Macintosh; Intel Mac OS X 10_12_5) AppleWebKit/537.36 (KHTML, like Gecko) Chrome/59.0.3071.115 Safari/537.36"
73.71.91.218 - - [26/Jul/2017:03:52:02 +0000] "GET /dylan.js HTTP/1.1" 200 57 "http://chilldyl.com/" "Mozilla/5.0 (Macintosh; Intel Mac OS X 10_12_5) AppleWebKit/537.36 (KHTML, like Gecko) Chrome/59.0.3071.115 Safari/537.36"
73.71.91.218 - - [26/Jul/2017:03:52:04 +0000] "GET / HTTP/1.1" 304 0 "-" "Mozilla/5.0 (Macintosh; Intel Mac OS X 10_12_5) AppleWebKit/537.36 (KHTML, like Gecko) Chrome/59.0.3071.115 Safari/537.36"
107.77.75.130 - - [26/Jul/2017:03:54:33 +0000] "GET /dylan.js HTTP/1.1" 200 57 "http://chilldyl.com/" "Mozilla/5.0 (iPhone; CPU iPhone OS 10_2 like Mac OS X) AppleWebKit/602.1.50 (KHTML, like Gecko) CriOS/55.0.2883.79 Mobile/14C92 Safari/602.1"
73.71.91.218 - - [26/Jul/2017:03:58:34 +0000] "GET / HTTP/1.1" 304 0 "-" "Mozilla/5.0 (Macintosh; Intel Mac OS X 10_12_5) AppleWebKit/537.36 (KHTML, like Gecko) Chrome/59.0.3071.115 Safari/537.36"
73.71.91.218 - - [26/Jul/2017:03:58:39 +0000] "GET / HTTP/1.1" 304 0 "-" "Mozilla/5.0 (Macintosh; Intel Mac OS X 10_12_5) AppleWebKit/537.36 (KHTML, like Gecko) Chrome/59.0.3071.115 Safari/537.36"
66.249.73.205 - - [26/Jul/2017:05:39:55 +0000] "GET /robots.txt HTTP/1.1" 404 178 "-" "Mozilla/5.0 (compatible; Googlebot/2.1; +http://www.google.com/bot.html)"
66.249.73.205 - - [26/Jul/2017:05:39:55 +0000] "GET / HTTP/1.1" 200 326 "-" "Mozilla/5.0 (compatible; Googlebot/2.1; +http://www.google.com/bot.html)"
66.249.73.205 - - [26/Jul/2017:05:40:07 +0000] "GET /dylan.css HTTP/1.1" 200 71 "http://chilldyl.com/" "Mozilla/5.0 (compatible; Googlebot/2.1; +http://www.google.com/bot.html)"
91.250.115.183 - - [26/Jul/2017:08:57:22 +0000] "GET /password2011 HTTP/1.1" 404 178 "http://chilldyl.com" "-"
92.240.253.133 - - [26/Jul/2017:09:05:42 +0000] "GET /ftp2012 HTTP/1.1" 404 178 "http://chilldyl.com" "-"
66.249.73.207 - - [26/Jul/2017:10:25:49 +0000] "GET /unix/table-of-contents.html HTTP/1.1" 200 807 "-" "Mozilla/5.0 (compatible; Googlebot/2.1; +http://www.google.com/bot.html)"
212.83.152.183 - - [26/Jul/2017:13:30:34 +0000] "GET /wp-login.php HTTP/1.0" 404 178 "-" "Mozilla/4.0 (compatible; Synapse)"
212.83.152.183 - - [26/Jul/2017:13:30:34 +0000] "GET /administrator/index.php HTTP/1.0" 404 178 "-" "Mozilla/4.0 (compatible; Synapse)"
141.8.144.55 - - [26/Jul/2017:14:48:10 +0000] "GET /robots.txt HTTP/1.1" 404 178 "-" "Mozilla/5.0 (compatible; YandexBot/3.0; +http://yandex.com/bots)"
141.8.144.55 - - [26/Jul/2017:14:48:14 +0000] "GET / HTTP/1.1" 200 326 "-" "Mozilla/5.0 (compatible; YandexBot/3.0; +http://yandex.com/bots)"
66.249.73.209 - - [26/Jul/2017:15:18:26 +0000] "GET /unix/unix-part7.html HTTP/1.1" 404 178 "-" "Mozilla/5.0 (compatible; Googlebot/2.1; +http://www.google.com/bot.html)"
66.249.73.207 - - [26/Jul/2017:15:18:41 +0000] "GET /unix/unix-part4.html HTTP/1.1" 200 1495 "-" "Mozilla/5.0 (compatible; Googlebot/2.1; +http://www.google.com/bot.html)"
66.249.73.205 - - [26/Jul/2017:15:18:57 +0000] "GET /unix/unix-part8.html HTTP/1.1" 404 178 "-" "Mozilla/5.0 (compatible; Googlebot/2.1; +http://www.google.com/bot.html)"
66.249.73.205 - - [26/Jul/2017:15:19:13 +0000] "GET /unix/unix-part5.html HTTP/1.1" 200 1767 "-" "Mozilla/5.0 (compatible; Googlebot/2.1; +http://www.google.com/bot.html)"
66.249.73.205 - - [26/Jul/2017:15:19:30 +0000] "GET /unix/unix-part9.html HTTP/1.1" 404 178 "-" "Mozilla/5.0 (compatible; Googlebot/2.1; +http://www.google.com/bot.html)"
66.249.73.205 - - [26/Jul/2017:15:19:46 +0000] "GET /unix/unix-part6.html HTTP/1.1" 404 178 "-" "Mozilla/5.0 (compatible; Googlebot/2.1; +http://www.google.com/bot.html)"
66.249.73.205 - - [26/Jul/2017:15:20:02 +0000] "GET /unix/unix-part3.html HTTP/1.1" 200 2234 "-" "Mozilla/5.0 (compatible; Googlebot/2.1; +http://www.google.com/bot.html)"
66.249.73.207 - - [26/Jul/2017:15:20:19 +0000] "GET /unix/unix-part1.html HTTP/1.1" 200 1081 "-" "Mozilla/5.0 (compatible; Googlebot/2.1; +http://www.google.com/bot.html)"
66.249.73.205 - - [26/Jul/2017:15:20:36 +0000] "GET /unix/unix-part2.html HTTP/1.1" 200 649 "-" "Mozilla/5.0 (compatible; Googlebot/2.1; +http://www.google.com/bot.html)"
66.249.73.205 - - [26/Jul/2017:15:20:56 +0000] "GET /unix/unix-part10.html HTTP/1.1" 404 178 "-" "Mozilla/5.0 (compatible; Googlebot/2.1; +http://www.google.com/bot.html)"
104.245.39.128 - - [26/Jul/2017:16:27:13 +0000] "GET / HTTP/1.0" 200 326 "chilldyl.com" "Mozilla/4.0 (compatible; MSIE 6.0; Windows NT 5.1; en) Opera 8.50"
196.52.43.57 - - [26/Jul/2017:16:46:54 +0000] "GET / HTTP/1.1" 200 326 "-" "-"
212.83.152.183 - - [26/Jul/2017:19:17:04 +0000] "GET / HTTP/1.1" 200 326 "http://chilldyl.com/" "Mozilla/5.0 (Windows NT 6.3; WOW64) AppleWebKit/534.12.75 (KHTML, like Gecko) Version/4.7.2 Safari/533.30"
206.225.80.193 - - [26/Jul/2017:19:53:35 +0000] "GET / HTTP/1.1" 200 326 "-" "Mozilla/5.0 (Macintosh; Intel Mac OS X 10.8; en-US; rv:1.7.5) Gecko/20041107 Firefox/1.0"
206.225.80.193 - - [26/Jul/2017:19:53:38 +0000] "HEAD / HTTP/1.1" 200 0 "" "Mozilla/5.0 (Macintosh; Intel Mac OS X 10.7; rv:14.0) Gecko/20100101 Firefox/14.0.1"
206.225.80.193 - - [26/Jul/2017:19:53:38 +0000] "GET / HTTP/1.0" 200 326 "-" "-"
73.71.91.218 - - [26/Jul/2017:22:42:04 +0000] "GET /whla;t HTTP/1.1" 404 580 "-" "Mozilla/5.0 (Macintosh; Intel Mac OS X 10_12_5) AppleWebKit/537.36 (KHTML, like Gecko) Chrome/59.0.3071.115 Safari/537.36"
66.249.64.147 - - [27/Jul/2017:12:13:47 +0000] "GET /robots.txt HTTP/1.1" 404 178 "-" "Mozilla/5.0 (compatible; Googlebot/2.1; +http://www.google.com/bot.html)"
66.249.64.147 - - [27/Jul/2017:12:13:47 +0000] "GET / HTTP/1.1" 200 326 "-" "Mozilla/5.0 (compatible; Googlebot/2.1; +http://www.google.com/bot.html)"
66.249.64.147 - - [27/Jul/2017:12:19:07 +0000] "GET /unix/table-of-contents.html HTTP/1.1" 200 807 "-" "Mozilla/5.0 (compatible; Googlebot/2.1; +http://www.google.com/bot.html)"
66.249.64.145 - - [27/Jul/2017:12:22:58 +0000] "GET /unix/unix-part2.html HTTP/1.1" 200 649 "-" "Mozilla/5.0 (compatible; Googlebot/2.1; +http://www.google.com/bot.html)"
66.249.64.147 - - [27/Jul/2017:12:23:13 +0000] "GET /unix/unix-part7.html HTTP/1.1" 404 178 "-" "Mozilla/5.0 (compatible; Googlebot/2.1; +http://www.google.com/bot.html)"
66.249.64.143 - - [27/Jul/2017:12:23:30 +0000] "GET /unix/unix-part4.html HTTP/1.1" 200 1495 "-" "Mozilla/5.0 (compatible; Googlebot/2.1; +http://www.google.com/bot.html)"
66.249.64.143 - - [27/Jul/2017:12:23:47 +0000] "GET /unix/unix-part8.html HTTP/1.1" 404 178 "-" "Mozilla/5.0 (compatible; Googlebot/2.1; +http://www.google.com/bot.html)"
66.249.64.147 - - [27/Jul/2017:12:24:07 +0000] "GET /unix/unix-part5.html HTTP/1.1" 200 1767 "-" "Mozilla/5.0 (compatible; Googlebot/2.1; +http://www.google.com/bot.html)"
66.249.64.143 - - [27/Jul/2017:12:24:28 +0000] "GET /unix/unix-part9.html HTTP/1.1" 404 178 "-" "Mozilla/5.0 (compatible; Googlebot/2.1; +http://www.google.com/bot.html)"
66.249.64.143 - - [27/Jul/2017:12:24:52 +0000] "GET /unix/unix-part6.html HTTP/1.1" 404 178 "-" "Mozilla/5.0 (compatible; Googlebot/2.1; +http://www.google.com/bot.html)"
66.249.64.147 - - [27/Jul/2017:12:25:40 +0000] "GET /unix/unix-part3.html HTTP/1.1" 200 2234 "-" "Mozilla/5.0 (compatible; Googlebot/2.1; +http://www.google.com/bot.html)"
66.249.64.147 - - [27/Jul/2017:12:26:23 +0000] "GET /unix/unix-part1.html HTTP/1.1" 200 1081 "-" "Mozilla/5.0 (compatible; Googlebot/2.1; +http://www.google.com/bot.html)"
141.8.144.55 - - [27/Jul/2017:21:09:23 +0000] "GET /robots.txt HTTP/1.1" 404 178 "-" "Mozilla/5.0 (compatible; YandexBot/3.0; +http://yandex.com/bots)"
141.8.144.55 - - [27/Jul/2017:21:09:27 +0000] "GET / HTTP/1.1" 200 326 "-" "Mozilla/5.0 (compatible; YandexBot/3.0; +http://yandex.com/bots)"
66.249.64.143 - - [28/Jul/2017:00:04:22 +0000] "GET /robots.txt HTTP/1.1" 404 178 "-" "Mozilla/5.0 (compatible; Googlebot/2.1; +http://www.google.com/bot.html)"
66.249.64.145 - - [28/Jul/2017:02:39:39 +0000] "GET /robots.txt HTTP/1.1" 404 178 "-" "Mozilla/5.0 (compatible; Googlebot/2.1; +http://www.google.com/bot.html)"
66.249.64.145 - - [28/Jul/2017:02:39:39 +0000] "GET / HTTP/1.1" 200 326 "-" "Mozilla/5.0 (Linux; Android 6.0.1; Nexus 5X Build/MMB29P) AppleWebKit/537.36 (KHTML, like Gecko) Chrome/41.0.2272.96 Mobile Safari/537.36 (compatible; Googlebot/2.1; +http://www.google.com/bot.html)"
141.8.144.55 - - [28/Jul/2017:03:33:56 +0000] "GET /robots.txt HTTP/1.1" 404 178 "-" "Mozilla/5.0 (compatible; YandexBot/3.0; +http://yandex.com/bots)"
141.8.144.55 - - [28/Jul/2017:03:34:00 +0000] "GET /unix/table-of-contents.html HTTP/1.1" 200 807 "-" "Mozilla/5.0 (compatible; YandexBot/3.0; +http://yandex.com/bots)"
66.249.64.145 - - [28/Jul/2017:07:37:16 +0000] "GET /unix/unix-part10.html HTTP/1.1" 404 178 "-" "Mozilla/5.0 (compatible; Googlebot/2.1; +http://www.google.com/bot.html)"
77.88.5.57 - - [28/Jul/2017:10:29:42 +0000] "GET /robots.txt HTTP/1.1" 404 178 "-" "Mozilla/5.0 (compatible; YandexBot/3.0; +http://yandex.com/bots)"
77.88.5.57 - - [28/Jul/2017:10:29:46 +0000] "GET /unix/unix-part4.html HTTP/1.1" 200 1495 "-" "Mozilla/5.0 (compatible; YandexBot/3.0; +http://yandex.com/bots)"
77.88.5.89 - - [28/Jul/2017:10:29:50 +0000] "GET /unix/unix-part1.html HTTP/1.1" 200 1081 "-" "Mozilla/5.0 (compatible; YandexBot/3.0; +http://yandex.com/bots)"
77.88.5.89 - - [28/Jul/2017:10:29:54 +0000] "GET /unix/unix-part6.html HTTP/1.1" 404 178 "-" "Mozilla/5.0 (compatible; YandexBot/3.0; +http://yandex.com/bots)"
141.8.144.71 - - [28/Jul/2017:10:29:58 +0000] "GET /unix/unix-part7.html HTTP/1.1" 404 178 "-" "Mozilla/5.0 (compatible; YandexBot/3.0; +http://yandex.com/bots)"
141.8.144.114 - - [28/Jul/2017:10:30:02 +0000] "GET /unix/unix-part9.html HTTP/1.1" 404 178 "-" "Mozilla/5.0 (compatible; YandexBot/3.0; +http://yandex.com/bots)"
141.8.144.55 - - [28/Jul/2017:10:30:05 +0000] "GET /unix/unix-part2.html HTTP/1.1" 200 649 "-" "Mozilla/5.0 (compatible; YandexBot/3.0; +http://yandex.com/bots)"
141.8.144.65 - - [28/Jul/2017:10:30:09 +0000] "GET /unix/unix-part5.html HTTP/1.1" 200 1767 "-" "Mozilla/5.0 (compatible; YandexBot/3.0; +http://yandex.com/bots)"
77.88.5.89 - - [28/Jul/2017:10:30:13 +0000] "GET /unix/unix-part3.html HTTP/1.1" 200 2234 "-" "Mozilla/5.0 (compatible; YandexBot/3.0; +http://yandex.com/bots)"
141.8.144.55 - - [28/Jul/2017:10:30:16 +0000] "GET /unix/unix-part8.html HTTP/1.1" 404 178 "-" "Mozilla/5.0 (compatible; YandexBot/3.0; +http://yandex.com/bots)"
141.8.144.55 - - [28/Jul/2017:10:30:20 +0000] "GET /unix/unix-part10.html HTTP/1.1" 404 178 "-" "Mozilla/5.0 (compatible; YandexBot/3.0; +http://yandex.com/bots)"
54.197.156.41 - - [28/Jul/2017:18:14:44 +0000] "GET / HTTP/1.1" 200 326 "-" "bookmarks/0.0.1"
73.71.91.218 - - [28/Jul/2017:18:17:23 +0000] "GET / HTTP/1.1" 304 0 "-" "Mozilla/5.0 (Macintosh; Intel Mac OS X 10_12_5) AppleWebKit/537.36 (KHTML, like Gecko) Chrome/59.0.3071.115 Safari/537.36"
73.71.91.218 - - [28/Jul/2017:18:17:23 +0000] "GET /dylan.css HTTP/1.1" 304 0 "http://chilldyl.com/" "Mozilla/5.0 (Macintosh; Intel Mac OS X 10_12_5) AppleWebKit/537.36 (KHTML, like Gecko) Chrome/59.0.3071.115 Safari/537.36"
73.71.91.218 - - [28/Jul/2017:18:17:23 +0000] "GET /dylan.js HTTP/1.1" 304 0 "http://chilldyl.com/" "Mozilla/5.0 (Macintosh; Intel Mac OS X 10_12_5) AppleWebKit/537.36 (KHTML, like Gecko) Chrome/59.0.3071.115 Safari/537.36"
73.71.91.218 - - [28/Jul/2017:18:17:25 +0000] "GET /unix/table-of-contents.html HTTP/1.1" 304 0 "http://chilldyl.com/" "Mozilla/5.0 (Macintosh; Intel Mac OS X 10_12_5) AppleWebKit/537.36 (KHTML, like Gecko) Chrome/59.0.3071.115 Safari/537.36"
73.71.91.218 - - [28/Jul/2017:18:17:26 +0000] "GET /unix/unix-part1.html HTTP/1.1" 200 1081 "http://chilldyl.com/unix/table-of-contents.html" "Mozilla/5.0 (Macintosh; Intel Mac OS X 10_12_5) AppleWebKit/537.36 (KHTML, like Gecko) Chrome/59.0.3071.115 Safari/537.36"
73.71.91.218 - - [28/Jul/2017:18:17:30 +0000] "GET /unix/unix-part3.html HTTP/1.1" 200 2234 "http://chilldyl.com/unix/table-of-contents.html" "Mozilla/5.0 (Macintosh; Intel Mac OS X 10_12_5) AppleWebKit/537.36 (KHTML, like Gecko) Chrome/59.0.3071.115 Safari/537.36"
73.71.91.218 - - [28/Jul/2017:18:17:33 +0000] "GET /unix/unix-part5.html HTTP/1.1" 304 0 "http://chilldyl.com/unix/table-of-contents.html" "Mozilla/5.0 (Macintosh; Intel Mac OS X 10_12_5) AppleWebKit/537.36 (KHTML, like Gecko) Chrome/59.0.3071.115 Safari/537.36"
73.71.91.218 - - [28/Jul/2017:18:17:37 +0000] "GET /unix/unix-part10.html HTTP/1.1" 404 580 "http://chilldyl.com/unix/table-of-contents.html" "Mozilla/5.0 (Macintosh; Intel Mac OS X 10_12_5) AppleWebKit/537.36 (KHTML, like Gecko) Chrome/59.0.3071.115 Safari/537.36"
76.174.180.74 - - [28/Jul/2017:18:19:38 +0000] "GET / HTTP/1.1" 200 326 "-" "Mozilla/5.0 (Macintosh; Intel Mac OS X 10_12_5) AppleWebKit/603.2.4 (KHTML, like Gecko) Version/10.1.1 Safari/603.2.4"
76.174.180.74 - - [28/Jul/2017:18:19:38 +0000] "GET /dylan.css HTTP/1.1" 200 71 "http://chilldyl.com/" "Mozilla/5.0 (Macintosh; Intel Mac OS X 10_12_5) AppleWebKit/603.2.4 (KHTML, like Gecko) Version/10.1.1 Safari/603.2.4"
76.174.180.74 - - [28/Jul/2017:18:19:38 +0000] "GET /dylan.js HTTP/1.1" 200 57 "http://chilldyl.com/" "Mozilla/5.0 (Macintosh; Intel Mac OS X 10_12_5) AppleWebKit/603.2.4 (KHTML, like Gecko) Version/10.1.1 Safari/603.2.4"
76.174.180.74 - - [28/Jul/2017:18:19:38 +0000] "GET /favicon.ico HTTP/1.1" 404 178 "http://chilldyl.com/" "Mozilla/5.0 (Macintosh; Intel Mac OS X 10_12_5) AppleWebKit/603.2.4 (KHTML, like Gecko) Version/10.1.1 Safari/603.2.4"
76.174.180.74 - - [28/Jul/2017:18:24:43 +0000] "GET / HTTP/1.1" 200 326 "-" "Mozilla/5.0 (Macintosh; Intel Mac OS X 10_12_5) AppleWebKit/603.2.4 (KHTML, like Gecko) Version/10.1.1 Safari/603.2.4"
76.174.180.74 - - [28/Jul/2017:18:24:43 +0000] "GET /dylan.css HTTP/1.1" 304 0 "http://chilldyl.com/" "Mozilla/5.0 (Macintosh; Intel Mac OS X 10_12_5) AppleWebKit/603.2.4 (KHTML, like Gecko) Version/10.1.1 Safari/603.2.4"
76.174.180.74 - - [28/Jul/2017:18:24:43 +0000] "GET /dylan.js HTTP/1.1" 304 0 "http://chilldyl.com/" "Mozilla/5.0 (Macintosh; Intel Mac OS X 10_12_5) AppleWebKit/603.2.4 (KHTML, like Gecko) Version/10.1.1 Safari/603.2.4"
76.174.180.74 - - [28/Jul/2017:18:24:46 +0000] "GET /unix/table-of-contents.html HTTP/1.1" 200 807 "http://chilldyl.com/" "Mozilla/5.0 (Macintosh; Intel Mac OS X 10_12_5) AppleWebKit/603.2.4 (KHTML, like Gecko) Version/10.1.1 Safari/603.2.4"
76.174.180.74 - - [28/Jul/2017:18:24:53 +0000] "GET /unix/unix-part1.html HTTP/1.1" 200 1081 "http://chilldyl.com/unix/table-of-contents.html" "Mozilla/5.0 (Macintosh; Intel Mac OS X 10_12_5) AppleWebKit/603.2.4 (KHTML, like Gecko) Version/10.1.1 Safari/603.2.4"
76.174.180.74 - - [28/Jul/2017:18:24:58 +0000] "GET /unix/unix-part2.html HTTP/1.1" 200 649 "http://chilldyl.com/unix/table-of-contents.html" "Mozilla/5.0 (Macintosh; Intel Mac OS X 10_12_5) AppleWebKit/603.2.4 (KHTML, like Gecko) Version/10.1.1 Safari/603.2.4"
73.71.91.218 - - [28/Jul/2017:18:29:07 +0000] "GET / HTTP/1.1" 200 326 "-" "Mozilla/5.0 (iPhone; CPU iPhone OS 10_3_2 like Mac OS X) AppleWebKit/603.2.4 (KHTML, like Gecko) Version/10.0 Mobile/14F89 Safari/602.1"
73.71.91.218 - - [28/Jul/2017:18:29:07 +0000] "GET /dylan.css HTTP/1.1" 200 71 "http://chilldyl.com/" "Mozilla/5.0 (iPhone; CPU iPhone OS 10_3_2 like Mac OS X) AppleWebKit/603.2.4 (KHTML, like Gecko) Version/10.0 Mobile/14F89 Safari/602.1"
73.71.91.218 - - [28/Jul/2017:18:29:07 +0000] "GET /dylan.js HTTP/1.1" 200 57 "http://chilldyl.com/" "Mozilla/5.0 (iPhone; CPU iPhone OS 10_3_2 like Mac OS X) AppleWebKit/603.2.4 (KHTML, like Gecko) Version/10.0 Mobile/14F89 Safari/602.1"
73.71.91.218 - - [28/Jul/2017:18:29:09 +0000] "GET /unix/table-of-contents.html HTTP/1.1" 200 807 "http://chilldyl.com/" "Mozilla/5.0 (iPhone; CPU iPhone OS 10_3_2 like Mac OS X) AppleWebKit/603.2.4 (KHTML, like Gecko) Version/10.0 Mobile/14F89 Safari/602.1"
73.71.91.218 - - [28/Jul/2017:18:29:11 +0000] "GET /unix/unix-part4.html HTTP/1.1" 200 1495 "http://chilldyl.com/unix/table-of-contents.html" "Mozilla/5.0 (iPhone; CPU iPhone OS 10_3_2 like Mac OS X) AppleWebKit/603.2.4 (KHTML, like Gecko) Version/10.0 Mobile/14F89 Safari/602.1"
73.71.91.218 - - [28/Jul/2017:18:29:29 +0000] "GET /unix/unix-part5.html HTTP/1.1" 200 1767 "http://chilldyl.com/unix/table-of-contents.html" "Mozilla/5.0 (iPhone; CPU iPhone OS 10_3_2 like Mac OS X) AppleWebKit/603.2.4 (KHTML, like Gecko) Version/10.0 Mobile/14F89 Safari/602.1"
73.71.91.218 - - [28/Jul/2017:18:29:32 +0000] "GET /unix/unix-part6.html HTTP/1.1" 404 178 "http://chilldyl.com/unix/table-of-contents.html" "Mozilla/5.0 (iPhone; CPU iPhone OS 10_3_2 like Mac OS X) AppleWebKit/603.2.4 (KHTML, like Gecko) Version/10.0 Mobile/14F89 Safari/602.1"
73.71.91.218 - - [28/Jul/2017:18:29:35 +0000] "GET /unix/unix-part3.html HTTP/1.1" 200 2234 "http://chilldyl.com/unix/table-of-contents.html" "Mozilla/5.0 (iPhone; CPU iPhone OS 10_3_2 like Mac OS X) AppleWebKit/603.2.4 (KHTML, like Gecko) Version/10.0 Mobile/14F89 Safari/602.1"
124.206.180.130 - - [28/Jul/2017:22:43:00 +0000] "GET / HTTP/1.1" 200 326 "-" "Mozilla/5.0 Firefox/35.0"
141.8.144.55 - - [29/Jul/2017:02:18:29 +0000] "GET /robots.txt HTTP/1.1" 404 178 "-" "Mozilla/5.0 (compatible; YandexBot/3.0; +http://yandex.com/bots)"
141.8.144.55 - - [29/Jul/2017:02:18:33 +0000] "GET / HTTP/1.1" 200 326 "-" "Mozilla/5.0 (compatible; YandexBot/3.0; +http://yandex.com/bots)"
73.231.13.80 - - [29/Jul/2017:05:23:11 +0000] "GET / HTTP/1.1" 304 0 "-" "Mozilla/5.0 (Macintosh; Intel Mac OS X 10_12_5) AppleWebKit/537.36 (KHTML, like Gecko) Chrome/59.0.3071.115 Safari/537.36"
73.231.13.80 - - [29/Jul/2017:05:23:11 +0000] "GET /dylan.css HTTP/1.1" 304 0 "http://chilldyl.com/" "Mozilla/5.0 (Macintosh; Intel Mac OS X 10_12_5) AppleWebKit/537.36 (KHTML, like Gecko) Chrome/59.0.3071.115 Safari/537.36"
73.231.13.80 - - [29/Jul/2017:05:23:11 +0000] "GET /dylan.js HTTP/1.1" 304 0 "http://chilldyl.com/" "Mozilla/5.0 (Macintosh; Intel Mac OS X 10_12_5) AppleWebKit/537.36 (KHTML, like Gecko) Chrome/59.0.3071.115 Safari/537.36"
73.231.13.80 - - [29/Jul/2017:05:23:12 +0000] "GET /unix/table-of-contents.html HTTP/1.1" 304 0 "http://chilldyl.com/" "Mozilla/5.0 (Macintosh; Intel Mac OS X 10_12_5) AppleWebKit/537.36 (KHTML, like Gecko) Chrome/59.0.3071.115 Safari/537.36"
73.231.13.80 - - [29/Jul/2017:05:23:14 +0000] "GET /unix/unix-part1.html HTTP/1.1" 200 1081 "http://chilldyl.com/unix/table-of-contents.html" "Mozilla/5.0 (Macintosh; Intel Mac OS X 10_12_5) AppleWebKit/537.36 (KHTML, like Gecko) Chrome/59.0.3071.115 Safari/537.36"
73.231.13.80 - - [29/Jul/2017:05:23:17 +0000] "GET /unix/unix-part5.html HTTP/1.1" 304 0 "http://chilldyl.com/unix/table-of-contents.html" "Mozilla/5.0 (Macintosh; Intel Mac OS X 10_12_5) AppleWebKit/537.36 (KHTML, like Gecko) Chrome/59.0.3071.115 Safari/537.36"
66.249.64.145 - - [29/Jul/2017:05:39:55 +0000] "GET /robots.txt HTTP/1.1" 404 178 "-" "Mozilla/5.0 (compatible; Googlebot/2.1; +http://www.google.com/bot.html)"
66.249.64.145 - - [29/Jul/2017:05:39:55 +0000] "GET / HTTP/1.1" 200 326 "-" "Mozilla/5.0 (compatible; Googlebot/2.1; +http://www.google.com/bot.html)"
73.231.13.80 - - [29/Jul/2017:09:26:47 +0000] "GET /favicon.ico HTTP/1.1" 404 580 "http://chilldyl.com/" "Mozilla/5.0 (Macintosh; Intel Mac OS X 10_12_5) AppleWebKit/537.36 (KHTML, like Gecko) Chrome/59.0.3071.115 Safari/537.36"
73.231.13.80 - - [29/Jul/2017:10:47:52 +0000] "GET /unix/unix-part3.html HTTP/1.1" 200 2234 "http://chilldyl.com/unix/table-of-contents.html" "Mozilla/5.0 (Macintosh; Intel Mac OS X 10_12_5) AppleWebKit/537.36 (KHTML, like Gecko) Chrome/59.0.3071.115 Safari/537.36"
107.21.1.8 - - [29/Jul/2017:21:35:19 +0000] "GET / HTTP/1.1" 200 326 "http://chilldyl.com/" "Mozilla/5.0 (compatible; DuckDuckGo-Favicons-Bot/1.0; +http://duckduckgo.com)"
107.21.1.8 - - [29/Jul/2017:21:35:19 +0000] "GET /favicon.ico HTTP/1.1" 404 178 "http://chilldyl.com/favicon.ico" "Mozilla/5.0 (compatible; DuckDuckGo-Favicons-Bot/1.0; +http://duckduckgo.com)"
64.246.165.190 - - [30/Jul/2017:00:44:35 +0000] "GET / HTTP/1.1" 200 326 "http://whois.domaintools.com/chilldyl.com" "Mozilla/5.0 (Windows; U; Windows NT 5.1; en; rv:1.9.0.13) Gecko/2009073022 Firefox/3.5.2 (.NET CLR 3.5.30729) SurveyBot/2.3 (DomainTools)"
141.8.144.55 - - [30/Jul/2017:03:26:52 +0000] "GET /robots.txt HTTP/1.1" 404 178 "-" "Mozilla/5.0 (compatible; YandexBot/3.0; +http://yandex.com/bots)"
141.8.144.55 - - [30/Jul/2017:03:26:56 +0000] "GET /unix/table-of-contents.html HTTP/1.1" 200 807 "-" "Mozilla/5.0 (compatible; YandexBot/3.0; +http://yandex.com/bots)"
54.87.14.11 - - [30/Jul/2017:03:43:06 +0000] "GET / HTTP/1.1" 200 326 "-" "Mozilla/5.0 (Windows NT 6.3; WOW64) AppleWebKit/537.36 (KHTML, like Gecko) Chrome/34.0.1847.137 Safari/537.36"
141.8.144.71 - - [30/Jul/2017:03:47:43 +0000] "GET /unix/unix-part3.html HTTP/1.1" 200 2234 "-" "Mozilla/5.0 (compatible; YandexBot/3.0; +http://yandex.com/bots)"
141.8.144.71 - - [30/Jul/2017:03:47:47 +0000] "GET /unix/unix-part5.html HTTP/1.1" 200 1767 "-" "Mozilla/5.0 (compatible; YandexBot/3.0; +http://yandex.com/bots)"
47.144.166.72 - - [30/Jul/2017:07:22:56 +0000] "GET / HTTP/1.1" 200 326 "-" "Mozilla/5.0 (iPhone; CPU iPhone OS 10_3_2 like Mac OS X) AppleWebKit/603.2.4 (KHTML, like Gecko) Version/10.0 Mobile/14F89 Safari/602.1"
47.144.166.72 - - [30/Jul/2017:07:22:56 +0000] "GET /dylan.css HTTP/1.1" 200 71 "http://chilldyl.com/" "Mozilla/5.0 (iPhone; CPU iPhone OS 10_3_2 like Mac OS X) AppleWebKit/603.2.4 (KHTML, like Gecko) Version/10.0 Mobile/14F89 Safari/602.1"
47.144.166.72 - - [30/Jul/2017:07:22:56 +0000] "GET /dylan.js HTTP/1.1" 200 57 "http://chilldyl.com/" "Mozilla/5.0 (iPhone; CPU iPhone OS 10_3_2 like Mac OS X) AppleWebKit/603.2.4 (KHTML, like Gecko) Version/10.0 Mobile/14F89 Safari/602.1"
47.144.166.72 - - [30/Jul/2017:07:48:26 +0000] "GET / HTTP/1.1" 304 0 "-" "Mozilla/5.0 (Macintosh; Intel Mac OS X 10_12_5) AppleWebKit/537.36 (KHTML, like Gecko) Chrome/59.0.3071.115 Safari/537.36"
47.144.166.72 - - [30/Jul/2017:07:48:26 +0000] "GET /dylan.css HTTP/1.1" 304 0 "http://chilldyl.com/" "Mozilla/5.0 (Macintosh; Intel Mac OS X 10_12_5) AppleWebKit/537.36 (KHTML, like Gecko) Chrome/59.0.3071.115 Safari/537.36"
47.144.166.72 - - [30/Jul/2017:07:48:26 +0000] "GET /dylan.js HTTP/1.1" 304 0 "http://chilldyl.com/" "Mozilla/5.0 (Macintosh; Intel Mac OS X 10_12_5) AppleWebKit/537.36 (KHTML, like Gecko) Chrome/59.0.3071.115 Safari/537.36"
141.8.144.71 - - [30/Jul/2017:08:45:56 +0000] "GET /robots.txt HTTP/1.1" 404 178 "-" "Mozilla/5.0 (compatible; YandexBot/3.0; +http://yandex.com/bots)"
141.8.144.71 - - [30/Jul/2017:08:46:00 +0000] "GET /unix/unix-part4.html HTTP/1.1" 200 1495 "-" "Mozilla/5.0 (compatible; YandexBot/3.0; +http://yandex.com/bots)"
77.88.5.57 - - [30/Jul/2017:11:20:14 +0000] "GET /robots.txt HTTP/1.1" 404 178 "-" "Mozilla/5.0 (compatible; YandexBot/3.0; +http://yandex.com/bots)"
77.88.5.57 - - [30/Jul/2017:11:20:17 +0000] "GET / HTTP/1.1" 200 326 "-" "Mozilla/5.0 (compatible; YandexBot/3.0; +http://yandex.com/bots)"
66.249.75.151 - - [30/Jul/2017:12:13:47 +0000] "GET /robots.txt HTTP/1.1" 404 178 "-" "Mozilla/5.0 (compatible; Googlebot/2.1; +http://www.google.com/bot.html)"
66.249.75.153 - - [30/Jul/2017:12:13:47 +0000] "GET / HTTP/1.1" 200 326 "-" "Mozilla/5.0 (compatible; Googlebot/2.1; +http://www.google.com/bot.html)"
66.249.75.149 - - [30/Jul/2017:14:36:35 +0000] "GET /dylan.css HTTP/1.1" 200 71 "http://chilldyl.com/" "Mozilla/5.0 (compatible; Googlebot/2.1; +http://www.google.com/bot.html)"
91.210.145.202 - - [30/Jul/2017:17:58:08 +0000] "GET / HTTP/1.1" 200 326 "http://chilldyl.com" "Mozilla/5.0 (Windows NT 6.1; WOW64) AppleWebKit/537.36 (KHTML, like Gecko) Chrome/31.0.1650.57 Safari/537.36"
91.210.145.202 - - [30/Jul/2017:17:58:15 +0000] "GET /blog/ HTTP/1.1" 404 580 "http://chilldyl.com/blog/" "Mozilla/5.0 (Windows NT 6.1; WOW64) AppleWebKit/537.36 (KHTML, like Gecko) Chrome/31.0.1650.57 Safari/537.36"
47.147.246.63 - - [30/Jul/2017:21:12:51 +0000] "GET / HTTP/1.1" 200 326 "-" "Mozilla/5.0 (Macintosh; Intel Mac OS X 10_12_5) AppleWebKit/537.36 (KHTML, like Gecko) Chrome/59.0.3071.115 Safari/537.36"
47.147.246.63 - - [30/Jul/2017:21:12:51 +0000] "GET /dylan.css HTTP/1.1" 200 71 "http://chilldyl.com/" "Mozilla/5.0 (Macintosh; Intel Mac OS X 10_12_5) AppleWebKit/537.36 (KHTML, like Gecko) Chrome/59.0.3071.115 Safari/537.36"
47.147.246.63 - - [30/Jul/2017:21:12:51 +0000] "GET /dylan.js HTTP/1.1" 200 57 "http://chilldyl.com/" "Mozilla/5.0 (Macintosh; Intel Mac OS X 10_12_5) AppleWebKit/537.36 (KHTML, like Gecko) Chrome/59.0.3071.115 Safari/537.36"
47.147.246.63 - - [30/Jul/2017:21:12:52 +0000] "GET /unix/table-of-contents.html HTTP/1.1" 304 0 "http://chilldyl.com/" "Mozilla/5.0 (Macintosh; Intel Mac OS X 10_12_5) AppleWebKit/537.36 (KHTML, like Gecko) Chrome/59.0.3071.115 Safari/537.36"
47.147.246.63 - - [30/Jul/2017:21:12:56 +0000] "GET /unix/unix-part6.html HTTP/1.1" 404 580 "http://chilldyl.com/unix/table-of-contents.html" "Mozilla/5.0 (Macintosh; Intel Mac OS X 10_12_5) AppleWebKit/537.36 (KHTML, like Gecko) Chrome/59.0.3071.115 Safari/537.36"
47.147.246.63 - - [30/Jul/2017:21:12:58 +0000] "GET /unix/unix-part5.html HTTP/1.1" 304 0 "http://chilldyl.com/unix/table-of-contents.html" "Mozilla/5.0 (Macintosh; Intel Mac OS X 10_12_5) AppleWebKit/537.36 (KHTML, like Gecko) Chrome/59.0.3071.115 Safari/537.36"
47.147.246.63 - - [30/Jul/2017:21:13:10 +0000] "GET /unix/unix-part4.html HTTP/1.1" 200 1495 "http://chilldyl.com/unix/table-of-contents.html" "Mozilla/5.0 (Macintosh; Intel Mac OS X 10_12_5) AppleWebKit/537.36 (KHTML, like Gecko) Chrome/59.0.3071.115 Safari/537.36"
47.147.246.63 - - [30/Jul/2017:21:16:34 +0000] "GET /unix/unix-part3.html HTTP/1.1" 304 0 "http://chilldyl.com/unix/table-of-contents.html" "Mozilla/5.0 (Macintosh; Intel Mac OS X 10_12_5) AppleWebKit/537.36 (KHTML, like Gecko) Chrome/59.0.3071.115 Safari/537.36"
47.147.246.63 - - [30/Jul/2017:21:30:28 +0000] "GET /unix/unix-part2.html HTTP/1.1" 200 649 "http://chilldyl.com/unix/table-of-contents.html" "Mozilla/5.0 (Macintosh; Intel Mac OS X 10_12_5) AppleWebKit/537.36 (KHTML, like Gecko) Chrome/59.0.3071.115 Safari/537.36"
47.147.246.63 - - [30/Jul/2017:21:51:56 +0000] "GET /favicon.ico HTTP/1.1" 404 580 "http://chilldyl.com/unix/unix-part5.html" "Mozilla/5.0 (Macintosh; Intel Mac OS X 10_12_5) AppleWebKit/537.36 (KHTML, like Gecko) Chrome/59.0.3071.115 Safari/537.36"
141.8.144.55 - - [30/Jul/2017:23:25:08 +0000] "GET /robots.txt HTTP/1.1" 404 178 "-" "Mozilla/5.0 (compatible; YandexBot/3.0; +http://yandex.com/bots)"
141.8.144.55 - - [30/Jul/2017:23:25:12 +0000] "GET /unix/unix-part1.html HTTP/1.1" 200 1081 "-" "Mozilla/5.0 (compatible; YandexBot/3.0; +http://yandex.com/bots)"
47.144.166.72 - - [31/Jul/2017:05:18:09 +0000] "GET / HTTP/1.1" 200 326 "-" "Mozilla/5.0 (Windows NT 10.0; Win64; x64) AppleWebKit/537.36 (KHTML, like Gecko) Chrome/59.0.3071.115 Safari/537.36"
47.144.166.72 - - [31/Jul/2017:05:18:09 +0000] "GET /dylan.css HTTP/1.1" 200 71 "http://chilldyl.com/" "Mozilla/5.0 (Windows NT 10.0; Win64; x64) AppleWebKit/537.36 (KHTML, like Gecko) Chrome/59.0.3071.115 Safari/537.36"
47.144.166.72 - - [31/Jul/2017:05:18:09 +0000] "GET /dylan.js HTTP/1.1" 200 57 "http://chilldyl.com/" "Mozilla/5.0 (Windows NT 10.0; Win64; x64) AppleWebKit/537.36 (KHTML, like Gecko) Chrome/59.0.3071.115 Safari/537.36"
47.144.166.72 - - [31/Jul/2017:05:18:09 +0000] "GET /favicon.ico HTTP/1.1" 404 580 "http://chilldyl.com/" "Mozilla/5.0 (Windows NT 10.0; Win64; x64) AppleWebKit/537.36 (KHTML, like Gecko) Chrome/59.0.3071.115 Safari/537.36"
141.8.144.55 - - [31/Jul/2017:06:15:25 +0000] "GET /robots.txt HTTP/1.1" 404 178 "-" "Mozilla/5.0 (compatible; YandexBot/3.0; +http://yandex.com/bots)"
141.8.144.55 - - [31/Jul/2017:06:15:29 +0000] "GET /unix/unix-part2.html HTTP/1.1" 200 649 "-" "Mozilla/5.0 (compatible; YandexBot/3.0; +http://yandex.com/bots)"
167.114.55.124 - - [31/Jul/2017:08:22:16 +0000] "HEAD /robots.txt HTTP/1.1" 404 0 "-" "Mozilla/5.0 (X11; Ubuntu; Linux x86_64; rv:49.0) Gecko/20100101 Firefox/49.0"
158.69.2.15 - - [31/Jul/2017:08:22:16 +0000] "GET /robots.txt HTTP/1.1" 404 178 "-" "Mozilla/5.0 (X11; Ubuntu; Linux x86_64; rv:49.0) Gecko/20100101 Firefox/49.0"
167.114.55.121 - - [31/Jul/2017:08:22:16 +0000] "GET / HTTP/1.1" 200 326 "-" "Mozilla/5.0 (X11; Ubuntu; Linux x86_64; rv:49.0) Gecko/20100101 Firefox/49.0"
163.172.4.153 - - [31/Jul/2017:10:15:24 +0000] "GET / HTTP/1.1" 200 326 "http://chilldyl.com/" "Mozilla/5.0 (Macintosh; Intel Mac OS X 10_11_6) AppleWebKit/537.36 (KHTML, like Gecko) Chrome/58.0.3029.110 Safari/537.36"
141.8.144.55 - - [31/Jul/2017:14:00:09 +0000] "GET /robots.txt HTTP/1.1" 404 178 "-" "Mozilla/5.0 (compatible; YandexBot/3.0; +http://yandex.com/bots)"
141.8.144.55 - - [31/Jul/2017:14:00:13 +0000] "GET /unix/unix-part5.html HTTP/1.1" 200 1767 "-" "Mozilla/5.0 (compatible; YandexBot/3.0; +http://yandex.com/bots)"
158.85.81.114 - - [31/Jul/2017:16:54:01 +0000] "GET / HTTP/1.1" 200 326 "-" "-"
141.8.144.55 - - [31/Jul/2017:22:36:31 +0000] "GET /robots.txt HTTP/1.1" 404 178 "-" "Mozilla/5.0 (compatible; YandexBot/3.0; +http://yandex.com/bots)"
141.8.144.55 - - [31/Jul/2017:22:36:35 +0000] "GET /unix/table-of-contents.html HTTP/1.1" 200 807 "-" "Mozilla/5.0 (compatible; YandexBot/3.0; +http://yandex.com/bots)"
141.8.144.55 - - [01/Aug/2017:04:58:18 +0000] "GET /robots.txt HTTP/1.1" 404 178 "-" "Mozilla/5.0 (compatible; YandexBot/3.0; +http://yandex.com/bots)"
141.8.144.55 - - [01/Aug/2017:04:58:22 +0000] "GET / HTTP/1.1" 200 326 "-" "Mozilla/5.0 (compatible; YandexBot/3.0; +http://yandex.com/bots)"
141.8.144.55 - - [01/Aug/2017:06:26:34 +0000] "GET /robots.txt HTTP/1.1" 404 178 "-" "Mozilla/5.0 (compatible; YandexBot/3.0; +http://yandex.com/bots)"
141.8.144.55 - - [01/Aug/2017:06:26:38 +0000] "GET /unix/unix-part3.html HTTP/1.1" 200 2234 "-" "Mozilla/5.0 (compatible; YandexBot/3.0; +http://yandex.com/bots)"
128.69.217.153 - - [01/Aug/2017:06:26:46 +0000] "GET / HTTP/1.1" 200 326 "http://yandex.ru/clck/jsredir?from=yandex.ru%3Bsearch%3Bweb%3B%3B&text=&etext=1500.Gq_gPt-Cp2hTS05AY-MPSsy--sH0rGGvpwTHAEVe4S_ntPnoNDHUx2STJiaTPzzZ.449944ef69ada39816f21d37fd22bfc6cf29f13f&uuid=&state=_BLhILn4SxNIvvL0W45KSic66uCIg23qh8iRG98qeIXmeppkgUc0YM1sNxN_KHOPADPyHdOKa1Y&data=UlNrNmk5WktYejR0eWJFYk1LdmtxakNyTmJFQm5JR1ZyWUM1eVBTU21nTTlsZW5SaEpySGxXWlphWU9feVQtSzhxbGc3LVNPeVRiT2pmaDltQ1NMZENRanBFVEg1STM3&b64e=2&sign=3a8fe4c837efa5aa4556c74843f98fb1&keyno=0&cst=AiuY0DBWFJ7IXge4WdYJQSaYtyyri96FzOZRYx9GGHQN2UhmdVl_VRv_ERaOSLOpPLlwiXNnqniO4P7K5zZ2xIi1avIUk7XDMXZwfplGeHokFTJOj9HK7ipx5NM4pfxK_qshIGx7tHwzld8-oLh6HEh2uQEVpGeU&ref=orjY4mGPRjk5boDnW0uvlrrd71vZw9kp5uQozpMtKCV-bB70LKhDfAoRu995iEfaSF3KBWHJHx8PUwnhfR6cDdSN426C10Pc84MG0rEaTxzOwC8HhTnVVw&l10n=ru&cts=1501568000491&mc=5.84107433905" "Mozilla/5.0 (Windows NT 10.0; Win64; x64) AppleWebKit/537.36 (KHTML, like Gecko) Chrome/59.0.3071.115 Safari/537.36"
128.69.217.153 - - [01/Aug/2017:06:26:46 +0000] "GET /dylan.css HTTP/1.1" 200 71 "http://chilldyl.com/" "Mozilla/5.0 (Windows NT 10.0; Win64; x64) AppleWebKit/537.36 (KHTML, like Gecko) Chrome/59.0.3071.115 Safari/537.36"
128.69.217.153 - - [01/Aug/2017:06:26:47 +0000] "GET /dylan.js HTTP/1.1" 200 57 "http://chilldyl.com/" "Mozilla/5.0 (Windows NT 10.0; Win64; x64) AppleWebKit/537.36 (KHTML, like Gecko) Chrome/59.0.3071.115 Safari/537.36"
141.8.144.71 - - [01/Aug/2017:07:02:42 +0000] "GET /unix/unix-part4.html HTTP/1.1" 200 1495 "-" "Mozilla/5.0 (compatible; YandexBot/3.0; +http://yandex.com/bots)"
199.19.104.163 - - [01/Aug/2017:13:21:31 +0000] "GET /license.txt HTTP/1.1" 404 178 "-" "Mozilla/5.0 (Windows NT 6.1; rv:34.0) Gecko/20100101 Firefox/34.0"
199.19.104.163 - - [01/Aug/2017:13:24:41 +0000] "GET /README.md HTTP/1.1" 404 178 "-" "Mozilla/5.0 (Windows NT 6.1; rv:34.0) Gecko/20100101 Firefox/34.0"
199.19.104.163 - - [01/Aug/2017:13:27:17 +0000] "GET /README.txt HTTP/1.1" 404 178 "-" "Mozilla/5.0 (Windows NT 6.1; rv:34.0) Gecko/20100101 Firefox/34.0"
199.19.104.163 - - [01/Aug/2017:13:30:24 +0000] "GET /stylesheet.css HTTP/1.1" 404 178 "-" "Mozilla/5.0 (Windows NT 6.1; rv:34.0) Gecko/20100101 Firefox/34.0"
199.19.104.163 - - [01/Aug/2017:13:33:08 +0000] "GET /LICENSE HTTP/1.1" 404 178 "-" "Mozilla/5.0 (Windows NT 6.1; rv:34.0) Gecko/20100101 Firefox/34.0"
199.19.104.163 - - [01/Aug/2017:13:35:25 +0000] "GET /robots.txt HTTP/1.1" 404 178 "-" "Mozilla/5.0 (Windows NT 6.1; rv:34.0) Gecko/20100101 Firefox/34.0"
141.8.144.55 - - [01/Aug/2017:16:54:30 +0000] "GET /robots.txt HTTP/1.1" 404 178 "-" "Mozilla/5.0 (compatible; YandexBot/3.0; +http://yandex.com/bots)"
141.8.144.55 - - [01/Aug/2017:16:54:34 +0000] "GET /unix/unix-part3.html HTTP/1.1" 200 2234 "-" "Mozilla/5.0 (compatible; YandexBot/3.0; +http://yandex.com/bots)"
47.147.255.38 - - [01/Aug/2017:20:13:45 +0000] "GET / HTTP/1.1" 304 0 "-" "Mozilla/5.0 (Macintosh; Intel Mac OS X 10_12_5) AppleWebKit/537.36 (KHTML, like Gecko) Chrome/59.0.3071.115 Safari/537.36"
47.147.255.38 - - [01/Aug/2017:20:13:45 +0000] "GET /dylan.css HTTP/1.1" 304 0 "http://chilldyl.com/" "Mozilla/5.0 (Macintosh; Intel Mac OS X 10_12_5) AppleWebKit/537.36 (KHTML, like Gecko) Chrome/59.0.3071.115 Safari/537.36"
47.147.255.38 - - [01/Aug/2017:20:13:45 +0000] "GET /dylan.js HTTP/1.1" 304 0 "http://chilldyl.com/" "Mozilla/5.0 (Macintosh; Intel Mac OS X 10_12_5) AppleWebKit/537.36 (KHTML, like Gecko) Chrome/59.0.3071.115 Safari/537.36"
104.130.124.209 - - [02/Aug/2017:00:48:42 +0000] "GET / HTTP/1.1" 200 326 "-" "Mozilla/5.0 (Windows NT 6.1; WOW64) AppleWebKit/534.24 (KHTML, like Gecko) Chrome/11.0.696.71 Safari/534.24"
104.130.124.209 - - [02/Aug/2017:01:02:23 +0000] "GET / HTTP/1.1" 200 326 "http://chilldyl.com/" "Mozilla/5.0 (Windows NT 6.1; WOW64) AppleWebKit/534.24 (KHTML, like Gecko) Chrome/11.0.696.71 Safari/534.24"
198.211.126.23 - - [02/Aug/2017:04:01:43 +0000] "GET /robots.txt HTTP/1.0" 404 178 "-" "SafeDNSBot (https://www.safedns.com/searchbot)"
198.211.126.23 - - [02/Aug/2017:04:01:43 +0000] "GET / HTTP/1.0" 200 326 "-" "SafeDNSBot (https://www.safedns.com/searchbot)"
141.8.144.55 - - [02/Aug/2017:05:17:38 +0000] "GET /robots.txt HTTP/1.1" 404 178 "-" "Mozilla/5.0 (compatible; YandexBot/3.0; +http://yandex.com/bots)"
141.8.144.55 - - [02/Aug/2017:05:17:42 +0000] "GET /unix/unix-part1.html HTTP/1.1" 200 1081 "-" "Mozilla/5.0 (compatible; YandexBot/3.0; +http://yandex.com/bots)"
66.249.64.145 - - [02/Aug/2017:12:13:47 +0000] "GET /robots.txt HTTP/1.1" 404 178 "-" "Mozilla/5.0 (compatible; Googlebot/2.1; +http://www.google.com/bot.html)"
66.249.64.147 - - [02/Aug/2017:12:13:48 +0000] "GET / HTTP/1.1" 200 326 "-" "Mozilla/5.0 (compatible; Googlebot/2.1; +http://www.google.com/bot.html)"
66.249.64.143 - - [02/Aug/2017:14:36:36 +0000] "GET /dylan.js HTTP/1.1" 200 57 "http://chilldyl.com/" "Mozilla/5.0 (compatible; Googlebot/2.1; +http://www.google.com/bot.html)"
196.52.43.54 - - [02/Aug/2017:14:56:03 +0000] "GET / HTTP/1.1" 200 326 "-" "-"
141.8.144.55 - - [03/Aug/2017:00:15:46 +0000] "GET /robots.txt HTTP/1.1" 404 178 "-" "Mozilla/5.0 (compatible; YandexBot/3.0; +http://yandex.com/bots)"
141.8.144.55 - - [03/Aug/2017:00:15:50 +0000] "GET / HTTP/1.1" 200 326 "-" "Mozilla/5.0 (compatible; YandexBot/3.0; +http://yandex.com/bots)"
64.134.220.87 - - [03/Aug/2017:01:37:39 +0000] "GET / HTTP/1.1" 304 0 "-" "Mozilla/5.0 (Macintosh; Intel Mac OS X 10_12_5) AppleWebKit/537.36 (KHTML, like Gecko) Chrome/59.0.3071.115 Safari/537.36"
64.134.220.87 - - [03/Aug/2017:01:37:42 +0000] "GET /dylan.css HTTP/1.1" 304 0 "http://chilldyl.com/" "Mozilla/5.0 (Macintosh; Intel Mac OS X 10_12_5) AppleWebKit/537.36 (KHTML, like Gecko) Chrome/59.0.3071.115 Safari/537.36"
64.134.220.87 - - [03/Aug/2017:01:37:42 +0000] "GET /dylan.js HTTP/1.1" 304 0 "http://chilldyl.com/" "Mozilla/5.0 (Macintosh; Intel Mac OS X 10_12_5) AppleWebKit/537.36 (KHTML, like Gecko) Chrome/59.0.3071.115 Safari/537.36"
64.134.220.87 - - [03/Aug/2017:01:37:45 +0000] "GET /unix/table-of-contents.html HTTP/1.1" 304 0 "http://chilldyl.com/" "Mozilla/5.0 (Macintosh; Intel Mac OS X 10_12_5) AppleWebKit/537.36 (KHTML, like Gecko) Chrome/59.0.3071.115 Safari/537.36"
64.134.220.87 - - [03/Aug/2017:01:37:48 +0000] "GET /unix/unix-part3.html HTTP/1.1" 304 0 "http://chilldyl.com/unix/table-of-contents.html" "Mozilla/5.0 (Macintosh; Intel Mac OS X 10_12_5) AppleWebKit/537.36 (KHTML, like Gecko) Chrome/59.0.3071.115 Safari/537.36"
64.74.215.150 - - [03/Aug/2017:02:03:22 +0000] "GET / HTTP/1.1" 200 326 "-" "Mozilla/5.0 (Windows NT 6.1) AppleWebKit/537.36 (KHTML, like Gecko) Chrome/56.0.2924.76 Safari/537.36"
64.74.215.150 - - [03/Aug/2017:02:03:22 +0000] "GET /dylan.js HTTP/1.1" 200 57 "http://chilldyl.com/" "Mozilla/5.0 (Windows NT 6.1) AppleWebKit/537.36 (KHTML, like Gecko) Chrome/56.0.2924.76 Safari/537.36"
47.147.255.38 - - [03/Aug/2017:04:16:20 +0000] "GET /unix/unix-part4.html HTTP/1.1" 304 0 "http://chilldyl.com/unix/table-of-contents.html" "Mozilla/5.0 (Macintosh; Intel Mac OS X 10_12_5) AppleWebKit/537.36 (KHTML, like Gecko) Chrome/59.0.3071.115 Safari/537.36"
47.147.255.38 - - [03/Aug/2017:04:16:26 +0000] "GET /unix/unix-part5.html HTTP/1.1" 304 0 "http://chilldyl.com/unix/table-of-contents.html" "Mozilla/5.0 (Macintosh; Intel Mac OS X 10_12_5) AppleWebKit/537.36 (KHTML, like Gecko) Chrome/59.0.3071.115 Safari/537.36"
141.8.144.55 - - [03/Aug/2017:21:25:23 +0000] "GET /robots.txt HTTP/1.1" 404 178 "-" "Mozilla/5.0 (compatible; YandexBot/3.0; +http://yandex.com/bots)"
141.8.144.55 - - [03/Aug/2017:21:25:27 +0000] "GET / HTTP/1.1" 200 326 "-" "Mozilla/5.0 (compatible; YandexBot/3.0; +http://yandex.com/bots)"
141.8.144.71 - - [04/Aug/2017:00:57:47 +0000] "GET /robots.txt HTTP/1.1" 404 178 "-" "Mozilla/5.0 (compatible; YandexBot/3.0; +http://yandex.com/bots)"
141.8.144.55 - - [04/Aug/2017:00:57:51 +0000] "GET /unix/unix-part1.html HTTP/1.1" 200 1081 "-" "Mozilla/5.0 (compatible; YandexBot/3.0; +http://yandex.com/bots)"
77.88.5.57 - - [04/Aug/2017:01:00:10 +0000] "GET /unix/unix-part2.html HTTP/1.1" 200 649 "-" "Mozilla/5.0 (compatible; YandexBot/3.0; +http://yandex.com/bots)"
95.28.204.168 - - [04/Aug/2017:03:24:33 +0000] "GET / HTTP/1.1" 200 326 "http://yandex.ru/clck/jsredir?from=yandex.ru%3Bsearch%3Bweb%3B%3B&text=&etext=1503.vIzESRkiFJYzU3IC9uGUlFpKHZQHHXpheJxbeNUTX8AEWZriVt2vqKin-a0qyHnr.9e00beaddf2ced76b9adb4691d1d17076585daf4&uuid=&state=_BLhILn4SxNIvvL0W45KSic66uCIg23qh8iRG98qeIXmeppkgUc0YMkOSpatjLUqgxH-XWLwn-g&data=UlNrNmk5WktYejR0eWJFYk1LdmtxakNyTmJFQm5JR1ZyWUM1eVBTU21nTTlsZW5SaEpySGxWUHJQbi10d3AtSGVabXZ3R1NqaHp6OUw1eVkzeUN4djlkQnhUWHFCTGpG&b64e=2&sign=7f9ef153274b2b498e5ae32dc64702af&keyno=0&cst=AiuY0DBWFJ7IXge4WdYJQaYgAYq7Jarrjb7gEyvoIjuYji_1hSW0DIeXVsPyDcIDaue40ruGT3v5KnUFAtp-6lJlPBlBJFIawaZzKOEAR0T6-niQdTpLUOC-_lDlAOhNALC0nZtXidkBsMImkBAeXpWFbP336Zx5&ref=orjY4mGPRjk5boDnW0uvlrrd71vZw9kp5uQozpMtKCW8s5kfnNkNj9FRC2YauTPjrCw0_-sBDund40T6zdc6uacoq_vxospaNtsDPTS3iXhzrs--dJ0TLw&l10n=ru&cts=1501816718929&mc=6.13242357623" "Mozilla/4.0 (compatible; MSIE 8.0; Windows NT 6.1; Trident/4.0; SLCC2; .NET CLR 2.0.50727; .NET CLR 3.5.30729; .NET CLR 3.0.30729; Media Center PC 6.0)"
95.28.204.168 - - [04/Aug/2017:03:24:34 +0000] "GET /dylan.css HTTP/1.1" 200 71 "http://chilldyl.com/" "Mozilla/4.0 (compatible; MSIE 8.0; Windows NT 6.1; Trident/4.0; SLCC2; .NET CLR 2.0.50727; .NET CLR 3.5.30729; .NET CLR 3.0.30729; Media Center PC 6.0)"
95.28.204.168 - - [04/Aug/2017:03:24:34 +0000] "GET /dylan.js HTTP/1.1" 200 57 "http://chilldyl.com/" "Mozilla/4.0 (compatible; MSIE 8.0; Windows NT 6.1; Trident/4.0; SLCC2; .NET CLR 2.0.50727; .NET CLR 3.5.30729; .NET CLR 3.0.30729; Media Center PC 6.0)"
141.8.144.55 - - [05/Aug/2017:06:38:21 +0000] "GET /robots.txt HTTP/1.1" 404 178 "-" "Mozilla/5.0 (compatible; YandexBot/3.0; +http://yandex.com/bots)"
141.8.144.55 - - [05/Aug/2017:06:38:25 +0000] "GET / HTTP/1.1" 200 326 "-" "Mozilla/5.0 (compatible; YandexBot/3.0; +http://yandex.com/bots)"
66.249.73.207 - - [05/Aug/2017:12:13:48 +0000] "GET /robots.txt HTTP/1.1" 404 178 "-" "Mozilla/5.0 (compatible; Googlebot/2.1; +http://www.google.com/bot.html)"
66.249.73.207 - - [05/Aug/2017:12:13:48 +0000] "GET / HTTP/1.1" 200 326 "-" "Mozilla/5.0 (compatible; Googlebot/2.1; +http://www.google.com/bot.html)"
66.249.73.205 - - [05/Aug/2017:14:36:33 +0000] "GET / HTTP/1.1" 200 326 "-" "Mozilla/5.0 (compatible; Googlebot/2.1; +http://www.google.com/bot.html)"
66.249.73.207 - - [05/Aug/2017:14:36:36 +0000] "GET /dylan.css HTTP/1.1" 200 71 "http://chilldyl.com/" "Mozilla/5.0 (compatible; Googlebot/2.1; +http://www.google.com/bot.html)"
141.8.144.55 - - [05/Aug/2017:16:09:14 +0000] "GET /robots.txt HTTP/1.1" 404 178 "-" "Mozilla/5.0 (compatible; YandexBot/3.0; +http://yandex.com/bots)"
141.8.144.55 - - [05/Aug/2017:16:09:18 +0000] "GET /unix/unix-part2.html HTTP/1.1" 200 649 "-" "Mozilla/5.0 (compatible; YandexBot/3.0; +http://yandex.com/bots)"
47.144.171.76 - - [05/Aug/2017:21:45:57 +0000] "GET / HTTP/1.1" 200 326 "-" "Mozilla/5.0 (Windows NT 10.0; Win64; x64) AppleWebKit/537.36 (KHTML, like Gecko) Chrome/59.0.3071.115 Safari/537.36"
